WARNING : Project's CLI version could not be detected from `requirements.txt`.
WARNING : Try `pretext update-project` to produce a compatible file.
INFO    : Building target biostats-html
INFO    : XSL conversion of /home/kjames13/Code/PreTeX/courses/Biostats/source/main.ptx by /home/kjames13/.ptx/2.44.0/core/xsl/utilities/pretext-enhanced-source.xsl
INFO    : messages from the log for XSL processing:
WARNING : * PTX:WARNING:   numbering level set for figures ("2") is greater than the maximum possible levels ("0") configured.  The default value will be used instead
WARNING : * PTX:WARNING:   numbering level set for inline exercises ("2") is greater than the maximum possible levels ("0") configured.  The default value will be used instead
WARNING : * PTX:WARNING:   numbering level set for open problems ("2") is greater than the maximum possible levels ("0") configured.  The default value will be used instead
INFO    : successful application of /home/kjames13/.ptx/2.44.0/core/xsl/utilities/pretext-enhanced-source.xsl
WARNING : Schema validation could not be completed: no validator was available (jing is not installed and lxml could not compile the schema). Continuing with build.
INFO    : Generating any needed assets.
INFO    : Finished generating assets.

INFO    : Preparing to build into /home/kjames13/Code/PreTeX/output/biostats-html.
INFO    : discovering source file's directory name: /home/kjames13/Code/PreTeX/courses/Biostats/source
INFO    : verifying and expanding input directory: /home/kjames13/Code/PreTeX/courses/Biostats/source/../../../generated-assets
INFO    : input directory expanded to absolute path: /home/kjames13/Code/PreTeX/generated-assets
INFO    : verifying and expanding input directory: /home/kjames13/Code/PreTeX/courses/Biostats/source/../../../assets
INFO    : input directory expanded to absolute path: /home/kjames13/Code/PreTeX/assets
INFO    : XSL conversion of /home/kjames13/Code/PreTeX/courses/Biostats/source/main.ptx by /home/kjames13/.ptx/2.44.0/core/xsl/utilities/report-publisher-variables.xsl
INFO    : successful application of /home/kjames13/.ptx/2.44.0/core/xsl/utilities/report-publisher-variables.xsl
INFO    : Downloading rs services file from https://runestone.academy/cdn/runestone/latest/webpack_static_imports.xml.
INFO    : Runestone Services via online CDN query: version 8.2.1
INFO    : Downloading Runestone Services, version 8.2.1
INFO    : Extracting Runestone Services from archive file
INFO    : Building custom css theme: theme-default-modern
INFO    : converting /home/kjames13/Code/PreTeX/courses/Biostats/source/main.ptx to HTML in /tmp/ptx-og_8pgfs
INFO    : XSL conversion of /home/kjames13/Code/PreTeX/courses/Biostats/source/main.ptx by /home/kjames13/.ptx/2.44.0/core/xsl/pretext-html.xsl
ERROR   : * PTX:ERROR: the @xml:id value "example-example" should be unique, but is authored multiple times.
INFO    : *            Results will be unpredictable, and likely incorrect.  Information on the locations follows:
INFO    : *              located at: pretext/book/chapter/worksheet/exercise
INFO    : *              located within: "example-example" (xml:id)
INFO    : *              located at: pretext/book/chapter/section/exercise
INFO    : * PTX:INFO:   checking all deprecated elements.
INFO    : successful application of /home/kjames13/.ptx/2.44.0/core/xsl/pretext-html.xsl
INFO    : Removing temporary directory /tmp/ptx-og_8pgfs
INFO    : Removing temporary directory /tmp/ptx-_u20z5cu
INFO    : 
Finished build for target biostats-html. Run `pretext view biostats-html` to see the results.

CRITICAL: There were errors during the build.  See above.
INFO    : ------------------------
CRITICAL: Failed to build without errors.  Exiting...
INFO    : 
----------------------------------------------------
INFO    : While running pretext, the following errors occurred:

INFO    : (see log messages above or in the 'logs' folder for more information)
INFO    : ----------------------------------------------------
